// Vitest Snapshot v1

exports[`snippet option 1`] = `
"<!DOCTYPE html>
<html lang=\\"en\\">
  <head>
    <script type=\\"module\\" src=\\"/@vite/client\\"></script>

    <meta charset=\\"UTF-8\\" />
    <link rel=\\"icon\\" type=\\"image/svg+xml\\" href=\\"/vite.svg\\" />
    <meta name=\\"viewport\\" content=\\"width=device-width, initial-scale=1.0\\" />
    <title>Vite Plugin Browser Sync</title>
  </head>
  <body>
    <h1>Vite Plugin Browser Sync</h1>

    <form id=\\"form\\">
      <div>
        <label for=\\"firstname\\">First Name</label>
        <input type=\\"text\\" id=\\"firstname\\" name=\\"firstname\\" />
      </div>
      <div>
        <label for=\\"lastname\\">Last Name</label>
        <input type=\\"text\\" id=\\"lastname\\" name=\\"lastname\\" />
      </div>
      <input type=\\"submit\\" value=\\"Submit\\" />
    </form>
    <p id=\\"message\\"></p>

    <script type=\\"module\\" src=\\"/src/main.ts\\"></script>
    <script async=\\"\\" src=\\"http://localhost:3000/browser-sync/browser-sync-client.js?v=2.27.10\\"></script>
  </body>
</html>
"
`;
